i.LS	       F	       R	alpha[1]	   Jc/J0	 #Active
  1.0	2.05e+03	0.00e+00	1.00e-10	1.00e+00	  0
  2.0	1.14e+03	8.67e-14	1.00e-10	5.55e-01	  0
